TLC2 Version 2.19 of 08 August 2024 (rev: 5a47802)
Warning: Please run the Java VM which executes TLC with a throughput optimized garbage collector by passing the "-XX:+UseParallelGC" property.
(Use the -nowarning option to disable this warning.)
Running breadth-first search Model-Checking with fp 10 and seed -8690622177017864760 with 1 worker on 14 cores with 9215MB heap and 64MB offheap memory [pid: 99880] (Mac OS X 26.4.1 aarch64, Eclipse Adoptium 26.0.2 x86_64, MSBDiskFPSet, DiskStateQueue).
Parsing file /Users/petrus/code/eacl/core/target/exploration/stable-discovery/AtomicAttempt.tla
Parsing file /Users/petrus/code/eacl/core/target/exploration/stable-discovery/tlc-runs/99769/tmp-mutant-attempt-integrate-partial/Naturals.tla
Parsing file /Users/petrus/code/eacl/core/target/exploration/stable-discovery/tlc-runs/99769/tmp-mutant-attempt-integrate-partial/FiniteSets.tla
Parsing file /Users/petrus/code/eacl/core/target/exploration/stable-discovery/tlc-runs/99769/tmp-mutant-attempt-integrate-partial/Sequences.tla
Semantic processing of module Naturals
Semantic processing of module Sequences
Semantic processing of module FiniteSets
Semantic processing of module AtomicAttempt
Starting... (2026-08-14 07:32:12)
Computing initial states...
Finished computing initial states: 1 distinct state generated at 2026-08-14 07:32:12.
Error: Invariant Safety is violated.
Error: The behavior up to this point is:
State 1: <Initial predicate>
/\ validated = {}
/\ canceled = FALSE
/\ invalidIntegration = FALSE
/\ used = {}
/\ invalidPublication = FALSE
/\ physical = {}
/\ projectionPublished = FALSE
/\ partial = {}
/\ charged = {}
/\ integrationsAtCancel = 0
/\ integrations = 0

State 2: <Start line 80, col 3 to line 89, col 51 of module AtomicAttempt>
/\ validated = {}
/\ canceled = FALSE
/\ invalidIntegration = FALSE
/\ used = {0}
/\ invalidPublication = FALSE
/\ physical = {0}
/\ projectionPublished = FALSE
/\ partial = {}
/\ charged = {0}
/\ integrationsAtCancel = 0
/\ integrations = 0

State 3: <ReceivePartial line 92, col 3 to line 101, col 53 of module AtomicAttempt>
/\ validated = {}
/\ canceled = FALSE
/\ invalidIntegration = FALSE
/\ used = {0}
/\ invalidPublication = FALSE
/\ physical = {0}
/\ projectionPublished = FALSE
/\ partial = {0}
/\ charged = {0}
/\ integrationsAtCancel = 0
/\ integrations = 0

State 4: <Integrate line 125, col 3 to line 140, col 72 of module AtomicAttempt>
/\ validated = {}
/\ canceled = FALSE
/\ invalidIntegration = TRUE
/\ used = {0}
/\ invalidPublication = FALSE
/\ physical = {0}
/\ projectionPublished = FALSE
/\ partial = {0}
/\ charged = {0}
/\ integrationsAtCancel = 0
/\ integrations = 1

43 states generated, 35 distinct states found, 26 states left on queue.
The depth of the complete state graph search is 4.
The average outdegree of the complete state graph is 5 (minimum is 0, the maximum 7 and the 95th percentile is 7).
Finished in 00s at (2026-08-14 07:32:12)
