TLC2 Version 2.19 of 08 August 2024 (rev: 5a47802)
Warning: Please run the Java VM which executes TLC with a throughput optimized garbage collector by passing the "-XX:+UseParallelGC" property.
(Use the -nowarning option to disable this warning.)
Running breadth-first search Model-Checking with fp 66 and seed -8782366102076386308 with 1 worker on 14 cores with 9215MB heap and 64MB offheap memory [pid: 99875] (Mac OS X 26.4.1 aarch64, Eclipse Adoptium 26.0.2 x86_64, MSBDiskFPSet, DiskStateQueue).
Parsing file /Users/petrus/code/eacl/core/target/exploration/stable-discovery/DescriptorCoalescing.tla
Parsing file /Users/petrus/code/eacl/core/target/exploration/stable-discovery/tlc-runs/99769/tmp-mutant-duplicate-flight/Naturals.tla
Parsing file /Users/petrus/code/eacl/core/target/exploration/stable-discovery/tlc-runs/99769/tmp-mutant-duplicate-flight/FiniteSets.tla
Parsing file /Users/petrus/code/eacl/core/target/exploration/stable-discovery/tlc-runs/99769/tmp-mutant-duplicate-flight/Sequences.tla
Semantic processing of module Naturals
Semantic processing of module Sequences
Semantic processing of module FiniteSets
Semantic processing of module DescriptorCoalescing
Starting... (2026-08-14 07:32:12)
Computing initial states...
Finished computing initial states: 1 distinct state generated at 2026-08-14 07:32:12.
Error: Invariant Safety is violated.
Error: The behavior up to this point is:
State 1: <Initial predicate>
/\ integratedAtCancel = <<>>
/\ canceled = FALSE
/\ integrated = <<>>
/\ complete = {}
/\ frontier = <<0, 1, 2, 3>>
/\ physical = {}

State 2: <Issue line 84, col 3 to line 93, col 73 of module DescriptorCoalescing>
/\ integratedAtCancel = <<>>
/\ canceled = FALSE
/\ integrated = <<>>
/\ complete = {}
/\ frontier = <<0, 1, 2, 3>>
/\ physical = {1}

State 3: <Issue line 84, col 3 to line 93, col 73 of module DescriptorCoalescing>
/\ integratedAtCancel = <<>>
/\ canceled = FALSE
/\ integrated = <<>>
/\ complete = {}
/\ frontier = <<0, 1, 2, 3>>
/\ physical = {1, 2}

22 states generated, 12 distinct states found, 8 states left on queue.
The depth of the complete state graph search is 3.
The average outdegree of the complete state graph is 5 (minimum is 5, the maximum 5 and the 95th percentile is 5).
Finished in 00s at (2026-08-14 07:32:12)
