TLC2 Version 2.19 of 08 August 2024 (rev: 5a47802)
Warning: Please run the Java VM which executes TLC with a throughput optimized garbage collector by passing the "-XX:+UseParallelGC" property.
(Use the -nowarning option to disable this warning.)
Running breadth-first search Model-Checking with fp 79 and seed -8851552038919979974 with 1 worker on 14 cores with 9215MB heap and 64MB offheap memory [pid: 99934] (Mac OS X 26.4.1 aarch64, Eclipse Adoptium 26.0.2 x86_64, MSBDiskFPSet, DiskStateQueue).
Parsing file /Users/petrus/code/eacl/core/target/exploration/stable-discovery/ServiceLifecycle.tla
Parsing file /Users/petrus/code/eacl/core/target/exploration/stable-discovery/tlc-runs/99769/tmp-mutant-publish-late/Naturals.tla
Parsing file /Users/petrus/code/eacl/core/target/exploration/stable-discovery/tlc-runs/99769/tmp-mutant-publish-late/FiniteSets.tla
Parsing file /Users/petrus/code/eacl/core/target/exploration/stable-discovery/tlc-runs/99769/tmp-mutant-publish-late/TLC.tla
Parsing file /Users/petrus/code/eacl/core/target/exploration/stable-discovery/tlc-runs/99769/tmp-mutant-publish-late/Sequences.tla
Semantic processing of module Naturals
Semantic processing of module Sequences
Semantic processing of module FiniteSets
Semantic processing of module TLC
Semantic processing of module ServiceLifecycle
Starting... (2026-08-14 07:32:13)
Computing initial states...
Finished computing initial states: 1 distinct state generated at 2026-08-14 07:32:13.
Error: Invariant Safety is violated.
Error: The behavior up to this point is:
State 1: <Initial predicate>
/\ used = {}
/\ published = {}
/\ retained = {}
/\ ownerEpoch = (0 :> 0 @@ 1 :> 0 @@ 2 :> 0)
/\ physical = {}
/\ pinned = {}
/\ charged = {}
/\ currentEpoch = 0

State 2: <Start line 76, col 3 to line 85, col 52 of module ServiceLifecycle>
/\ used = {0}
/\ published = {}
/\ retained = {0}
/\ ownerEpoch = (0 :> 0 @@ 1 :> 0 @@ 2 :> 0)
/\ physical = {0}
/\ pinned = {}
/\ charged = {0}
/\ currentEpoch = 0

State 3: <Rotate line 125, col 3 to line 134, col 53 of module ServiceLifecycle>
/\ used = {0}
/\ published = {}
/\ retained = {0}
/\ ownerEpoch = (0 :> 0 @@ 1 :> 0 @@ 2 :> 0)
/\ physical = {0}
/\ pinned = {}
/\ charged = {0}
/\ currentEpoch = 1

State 4: <CompleteSuccess line 88, col 3 to line 97, col 51 of module ServiceLifecycle>
/\ used = {0}
/\ published = {0}
/\ retained = {0}
/\ ownerEpoch = (0 :> 0 @@ 1 :> 0 @@ 2 :> 0)
/\ physical = {}
/\ pinned = {0}
/\ charged = {}
/\ currentEpoch = 1

44 states generated, 37 distinct states found, 26 states left on queue.
The depth of the complete state graph search is 4.
The average outdegree of the complete state graph is 4 (minimum is 1, the maximum 5 and the 95th percentile is 5).
Finished in 00s at (2026-08-14 07:32:13)
